--------------------------------------
Alegeti o optiune:
1. Login
2. Sign Up
3. Close
--------------------------------------
Introduceti username: Introduceti parola: --------------------------------------
1. Creeaza formular
2. Modificare Formulare
3. Statistici
4. Log out
--------------------------------------
Nu exista formulare disponibile.
--------------------------------------
1. Creeaza formular
2. Modificare Formulare
3. Statistici
4. Log out
--------------------------------------
--------------------------------------
Alegeti o optiune:
1. Login
2. Sign Up
3. Close
--------------------------------------
Introduceti username: Introduceti parola: --------------------------------------
1. Creeaza formular
2. Modificare Formulare
3. Statistici
4. Log out
--------------------------------------
Formulare:
1. Chestionar de Test
Alegeti un formular pentru detalii.
Intoruceti 0 pentru a naviga inapoi
Optiune invalida. Alege un număr intre 0 si 1
--------------------------------------
1. Creeaza formular
2. Modificare Formulare
3. Statistici
4. Log out
--------------------------------------
--------------------------------------
Alegeti o optiune:
1. Login
2. Sign Up
3. Close
--------------------------------------
